error: Field `d` in struct `Test` is not a primitive type.
 --> tests/macro_tests/invalid_kernel_struct_test.rs:5:12
  |
5 | pub struct Test {
  |            ^^^^
